c:\users\mesom\documents\github\cecsnet\sfml_ecsnet_pong\cmake-build-debug\pongserver.dir\debug\vc143.pdb
c:\users\mesom\documents\github\cecsnet\sfml_ecsnet_pong\cmake-build-debug\pongserver.dir\debug\pongserver.obj
c:\users\mesom\documents\github\cecsnet\sfml_ecsnet_pong\cmake-build-debug\cmakefiles\generate.stamp
c:\users\mesom\documents\github\cecsnet\sfml_ecsnet_pong\cmake-build-debug\debug\pongserver.exe
c:\users\mesom\documents\github\cecsnet\sfml_ecsnet_pong\cmake-build-debug\debug\pongserver.pdb
c:\users\mesom\documents\github\cecsnet\sfml_ecsnet_pong\cmake-build-debug\pongserver.dir\debug\pongserver.ilk
c:\users\mesom\documents\github\cecsnet\sfml_ecsnet_raindrops\cmake-build-debug\pongserver.dir\debug\pongserver.obj
c:\users\mesom\documents\github\cecsnet\sfml_ecsnet_raindrops\cmake-build-debug\pongserver.dir\debug\pongserver.ilk
c:\users\mesom\documents\github\cecsnet\sfml_ecsnet_raindrops\cmake-build-debug\pongserver.dir\debug\vc143.pdb
c:\users\mesom\documents\github\cecsnet\sfml_ecsnet_raindrops\cmake-build-debug\debug\pongserver.pdb
c:\users\mesom\documents\github\cecsnet\sfml_ecsnet_raindrops\cmake-build-debug\debug\pongserver.exe
c:\users\mesom\documents\github\cecsnet\sfml_ecsnet_raindrops\cmake-build-debug\pongserver.dir\debug\pongserver.tlog\cl.command.1.tlog
c:\users\mesom\documents\github\cecsnet\sfml_ecsnet_raindrops\cmake-build-debug\pongserver.dir\debug\pongserver.tlog\cl.items.tlog
c:\users\mesom\documents\github\cecsnet\sfml_ecsnet_raindrops\cmake-build-debug\pongserver.dir\debug\pongserver.tlog\cl.read.1.tlog
c:\users\mesom\documents\github\cecsnet\sfml_ecsnet_raindrops\cmake-build-debug\pongserver.dir\debug\pongserver.tlog\cl.write.1.tlog
c:\users\mesom\documents\github\cecsnet\sfml_ecsnet_raindrops\cmake-build-debug\pongserver.dir\debug\pongserver.tlog\custombuild.command.1.tlog
c:\users\mesom\documents\github\cecsnet\sfml_ecsnet_raindrops\cmake-build-debug\pongserver.dir\debug\pongserver.tlog\custombuild.read.1.tlog
c:\users\mesom\documents\github\cecsnet\sfml_ecsnet_raindrops\cmake-build-debug\pongserver.dir\debug\pongserver.tlog\custombuild.write.1.tlog
c:\users\mesom\documents\github\cecsnet\sfml_ecsnet_raindrops\cmake-build-debug\pongserver.dir\debug\pongserver.tlog\link.command.1.tlog
c:\users\mesom\documents\github\cecsnet\sfml_ecsnet_raindrops\cmake-build-debug\pongserver.dir\debug\pongserver.tlog\link.read.1.tlog
c:\users\mesom\documents\github\cecsnet\sfml_ecsnet_raindrops\cmake-build-debug\pongserver.dir\debug\pongserver.tlog\link.secondary.1.tlog
c:\users\mesom\documents\github\cecsnet\sfml_ecsnet_raindrops\cmake-build-debug\pongserver.dir\debug\pongserver.tlog\link.write.1.tlog
