c:\users\mesom\documents\github\cecsnet\sfml_ecsnet_pong\cmake-build-debug\pongclient.dir\debug\vc143.pdb
c:\users\mesom\documents\github\cecsnet\sfml_ecsnet_pong\cmake-build-debug\pongclient.dir\debug\pongclient.obj
c:\users\mesom\documents\github\cecsnet\sfml_ecsnet_pong\cmake-build-debug\cmakefiles\generate.stamp
c:\users\mesom\documents\github\cecsnet\sfml_ecsnet_pong\cmake-build-debug\debug\pongclient.exe
c:\users\mesom\documents\github\cecsnet\sfml_ecsnet_pong\cmake-build-debug\debug\pongclient.pdb
c:\users\mesom\documents\github\cecsnet\sfml_ecsnet_pong\cmake-build-debug\pongclient.dir\debug\pongclient.ilk
c:\users\mesom\documents\github\cecsnet\sfml_ecsnet_raindrops\cmake-build-debug\pongclient.dir\debug\pongclient.obj
c:\users\mesom\documents\github\cecsnet\sfml_ecsnet_raindrops\cmake-build-debug\pongclient.dir\debug\pongclient.ilk
c:\users\mesom\documents\github\cecsnet\sfml_ecsnet_raindrops\cmake-build-debug\pongclient.dir\debug\vc143.pdb
c:\users\mesom\documents\github\cecsnet\sfml_ecsnet_raindrops\cmake-build-debug\debug\pongclient.pdb
c:\users\mesom\documents\github\cecsnet\sfml_ecsnet_raindrops\cmake-build-debug\debug\pongclient.exe
c:\users\mesom\documents\github\cecsnet\sfml_ecsnet_raindrops\cmake-build-debug\pongclient.dir\debug\pongclient.tlog\cl.command.1.tlog
c:\users\mesom\documents\github\cecsnet\sfml_ecsnet_raindrops\cmake-build-debug\pongclient.dir\debug\pongclient.tlog\cl.items.tlog
c:\users\mesom\documents\github\cecsnet\sfml_ecsnet_raindrops\cmake-build-debug\pongclient.dir\debug\pongclient.tlog\cl.read.1.tlog
c:\users\mesom\documents\github\cecsnet\sfml_ecsnet_raindrops\cmake-build-debug\pongclient.dir\debug\pongclient.tlog\cl.write.1.tlog
c:\users\mesom\documents\github\cecsnet\sfml_ecsnet_raindrops\cmake-build-debug\pongclient.dir\debug\pongclient.tlog\custombuild.command.1.tlog
c:\users\mesom\documents\github\cecsnet\sfml_ecsnet_raindrops\cmake-build-debug\pongclient.dir\debug\pongclient.tlog\custombuild.read.1.tlog
c:\users\mesom\documents\github\cecsnet\sfml_ecsnet_raindrops\cmake-build-debug\pongclient.dir\debug\pongclient.tlog\custombuild.write.1.tlog
c:\users\mesom\documents\github\cecsnet\sfml_ecsnet_raindrops\cmake-build-debug\pongclient.dir\debug\pongclient.tlog\link.command.1.tlog
c:\users\mesom\documents\github\cecsnet\sfml_ecsnet_raindrops\cmake-build-debug\pongclient.dir\debug\pongclient.tlog\link.read.1.tlog
c:\users\mesom\documents\github\cecsnet\sfml_ecsnet_raindrops\cmake-build-debug\pongclient.dir\debug\pongclient.tlog\link.secondary.1.tlog
c:\users\mesom\documents\github\cecsnet\sfml_ecsnet_raindrops\cmake-build-debug\pongclient.dir\debug\pongclient.tlog\link.write.1.tlog
