\BOOKMARK [0][-]{chapter.1}{\376\377\0001\000\040\000C\000l\000a\000s\000s\000\040\000I\000n\000d\000e\000x}{}% 1
\BOOKMARK [1][-]{section.1.1}{\376\377\0001\000.\0001\000\040\000C\000l\000a\000s\000s\000\040\000L\000i\000s\000t}{chapter.1}% 2
\BOOKMARK [0][-]{chapter.2}{\376\377\0002\000\040\000F\000i\000l\000e\000\040\000I\000n\000d\000e\000x}{}% 3
\BOOKMARK [1][-]{section.2.1}{\376\377\0002\000.\0001\000\040\000F\000i\000l\000e\000\040\000L\000i\000s\000t}{chapter.2}% 4
\BOOKMARK [0][-]{chapter.3}{\376\377\0003\000\040\000C\000l\000a\000s\000s\000\040\000D\000o\000c\000u\000m\000e\000n\000t\000a\000t\000i\000o\000n}{}% 5
\BOOKMARK [1][-]{section.3.1}{\376\377\0003\000.\0001\000\040\000c\000o\000m\000p\000o\000n\000e\000n\000t\000\137\000d\000e\000s\000c\000r\000i\000p\000t\000o\000r\000\137\000t\000\040\000S\000t\000r\000u\000c\000t\000\040\000R\000e\000f\000e\000r\000e\000n\000c\000e}{chapter.3}% 6
\BOOKMARK [2][-]{subsection.3.1.1}{\376\377\0003\000.\0001\000.\0001\000\040\000M\000e\000m\000b\000e\000r\000\040\000D\000a\000t\000a\000\040\000D\000o\000c\000u\000m\000e\000n\000t\000a\000t\000i\000o\000n}{section.3.1}% 7
\BOOKMARK [3][-]{subsubsection.3.1.1.1}{\376\377\0003\000.\0001\000.\0001\000.\0001\000\040\000d\000e\000s\000e\000r\000i\000a\000l\000i\000z\000e}{subsection.3.1.1}% 8
\BOOKMARK [3][-]{subsubsection.3.1.1.2}{\376\377\0003\000.\0001\000.\0001\000.\0002\000\040\000n\000a\000m\000e}{subsection.3.1.1}% 9
\BOOKMARK [3][-]{subsubsection.3.1.1.3}{\376\377\0003\000.\0001\000.\0001\000.\0003\000\040\000s\000e\000r\000i\000a\000l\000i\000z\000e}{subsection.3.1.1}% 10
\BOOKMARK [3][-]{subsubsection.3.1.1.4}{\376\377\0003\000.\0001\000.\0001\000.\0004\000\040\000s\000i\000z\000e}{subsection.3.1.1}% 11
\BOOKMARK [1][-]{section.3.2}{\376\377\0003\000.\0002\000\040\000c\000o\000m\000p\000o\000n\000e\000n\000t\000\137\000s\000t\000o\000r\000a\000g\000e\000\137\000t\000\040\000S\000t\000r\000u\000c\000t\000\040\000R\000e\000f\000e\000r\000e\000n\000c\000e}{chapter.3}% 12
\BOOKMARK [2][-]{subsection.3.2.1}{\376\377\0003\000.\0002\000.\0001\000\040\000D\000e\000t\000a\000i\000l\000e\000d\000\040\000D\000e\000s\000c\000r\000i\000p\000t\000i\000o\000n}{section.3.2}% 13
\BOOKMARK [2][-]{subsection.3.2.2}{\376\377\0003\000.\0002\000.\0002\000\040\000M\000e\000m\000b\000e\000r\000\040\000D\000a\000t\000a\000\040\000D\000o\000c\000u\000m\000e\000n\000t\000a\000t\000i\000o\000n}{section.3.2}% 14
\BOOKMARK [3][-]{subsubsection.3.2.2.1}{\376\377\0003\000.\0002\000.\0002\000.\0001\000\040\000c\000a\000p\000a\000c\000i\000t\000y}{subsection.3.2.2}% 15
\BOOKMARK [3][-]{subsubsection.3.2.2.2}{\376\377\0003\000.\0002\000.\0002\000.\0002\000\040\000d\000a\000t\000a}{subsection.3.2.2}% 16
\BOOKMARK [3][-]{subsubsection.3.2.2.3}{\376\377\0003\000.\0002\000.\0002\000.\0003\000\040\000d\000e\000s\000c\000r\000i\000p\000t\000o\000r}{subsection.3.2.2}% 17
\BOOKMARK [3][-]{subsubsection.3.2.2.4}{\376\377\0003\000.\0002\000.\0002\000.\0004\000\040\000i\000s\000\137\000d\000i\000r\000t\000y}{subsection.3.2.2}% 18
\BOOKMARK [3][-]{subsubsection.3.2.2.5}{\376\377\0003\000.\0002\000.\0002\000.\0005\000\040\000u\000s\000e\000d}{subsection.3.2.2}% 19
\BOOKMARK [1][-]{section.3.3}{\376\377\0003\000.\0003\000\040\000c\000o\000n\000n\000e\000c\000t\000i\000o\000n\000\137\000m\000a\000n\000a\000g\000e\000r\000\137\000t\000\040\000S\000t\000r\000u\000c\000t\000\040\000R\000e\000f\000e\000r\000e\000n\000c\000e}{chapter.3}% 20
\BOOKMARK [2][-]{subsection.3.3.1}{\376\377\0003\000.\0003\000.\0001\000\040\000D\000e\000t\000a\000i\000l\000e\000d\000\040\000D\000e\000s\000c\000r\000i\000p\000t\000i\000o\000n}{section.3.3}% 21
\BOOKMARK [2][-]{subsection.3.3.2}{\376\377\0003\000.\0003\000.\0002\000\040\000M\000e\000m\000b\000e\000r\000\040\000D\000a\000t\000a\000\040\000D\000o\000c\000u\000m\000e\000n\000t\000a\000t\000i\000o\000n}{section.3.3}% 22
\BOOKMARK [3][-]{subsubsection.3.3.2.1}{\376\377\0003\000.\0003\000.\0002\000.\0001\000\040\000i\000s\000\137\000s\000e\000r\000v\000e\000r}{subsection.3.3.2}% 23
\BOOKMARK [3][-]{subsubsection.3.3.2.2}{\376\377\0003\000.\0003\000.\0002\000.\0002\000\040\000l\000i\000s\000t\000e\000n\000\137\000s\000o\000c\000k\000e\000t\000s}{subsection.3.3.2}% 24
\BOOKMARK [3][-]{subsubsection.3.3.2.3}{\376\377\0003\000.\0003\000.\0002\000.\0003\000\040\000o\000n\000\137\000c\000o\000n\000n\000e\000c\000t}{subsection.3.3.2}% 25
\BOOKMARK [3][-]{subsubsection.3.3.2.4}{\376\377\0003\000.\0003\000.\0002\000.\0004\000\040\000o\000n\000\137\000d\000i\000s\000c\000o\000n\000n\000e\000c\000t}{subsection.3.3.2}% 26
\BOOKMARK [3][-]{subsubsection.3.3.2.5}{\376\377\0003\000.\0003\000.\0002\000.\0005\000\040\000o\000n\000\137\000r\000e\000c\000e\000i\000v\000e}{subsection.3.3.2}% 27
\BOOKMARK [3][-]{subsubsection.3.3.2.6}{\376\377\0003\000.\0003\000.\0002\000.\0006\000\040\000p\000e\000e\000r\000\137\000c\000o\000u\000n\000t}{subsection.3.3.2}% 28
\BOOKMARK [3][-]{subsubsection.3.3.2.7}{\376\377\0003\000.\0003\000.\0002\000.\0007\000\040\000p\000e\000e\000r\000s}{subsection.3.3.2}% 29
\BOOKMARK [3][-]{subsubsection.3.3.2.8}{\376\377\0003\000.\0003\000.\0002\000.\0008\000\040\000u\000s\000e\000r\000\137\000d\000a\000t\000a}{subsection.3.3.2}% 30
\BOOKMARK [1][-]{section.3.4}{\376\377\0003\000.\0004\000\040\000d\000i\000r\000t\000y\000\137\000c\000o\000m\000p\000o\000n\000e\000n\000t\000\137\000t\000\040\000S\000t\000r\000u\000c\000t\000\040\000R\000e\000f\000e\000r\000e\000n\000c\000e}{chapter.3}% 31
\BOOKMARK [2][-]{subsection.3.4.1}{\376\377\0003\000.\0004\000.\0001\000\040\000D\000e\000t\000a\000i\000l\000e\000d\000\040\000D\000e\000s\000c\000r\000i\000p\000t\000i\000o\000n}{section.3.4}% 32
\BOOKMARK [1][-]{section.3.5}{\376\377\0003\000.\0005\000\040\000e\000c\000s\000\137\000t\000\040\000S\000t\000r\000u\000c\000t\000\040\000R\000e\000f\000e\000r\000e\000n\000c\000e}{chapter.3}% 33
\BOOKMARK [2][-]{subsection.3.5.1}{\376\377\0003\000.\0005\000.\0001\000\040\000D\000e\000t\000a\000i\000l\000e\000d\000\040\000D\000e\000s\000c\000r\000i\000p\000t\000i\000o\000n}{section.3.5}% 34
\BOOKMARK [2][-]{subsection.3.5.2}{\376\377\0003\000.\0005\000.\0002\000\040\000M\000e\000m\000b\000e\000r\000\040\000D\000a\000t\000a\000\040\000D\000o\000c\000u\000m\000e\000n\000t\000a\000t\000i\000o\000n}{section.3.5}% 35
\BOOKMARK [3][-]{subsubsection.3.5.2.1}{\376\377\0003\000.\0005\000.\0002\000.\0001\000\040\000c\000o\000m\000p\000o\000n\000e\000n\000t\000\137\000c\000a\000p\000a\000c\000i\000t\000y}{subsection.3.5.2}% 36
\BOOKMARK [3][-]{subsubsection.3.5.2.2}{\376\377\0003\000.\0005\000.\0002\000.\0002\000\040\000c\000o\000m\000p\000o\000n\000e\000n\000t\000s}{subsection.3.5.2}% 37
\BOOKMARK [3][-]{subsubsection.3.5.2.3}{\376\377\0003\000.\0005\000.\0002\000.\0003\000\040\000e\000n\000t\000i\000t\000i\000e\000s}{subsection.3.5.2}% 38
\BOOKMARK [3][-]{subsubsection.3.5.2.4}{\376\377\0003\000.\0005\000.\0002\000.\0004\000\040\000e\000n\000t\000i\000t\000y\000\137\000c\000a\000p\000a\000c\000i\000t\000y}{subsection.3.5.2}% 39
\BOOKMARK [3][-]{subsubsection.3.5.2.5}{\376\377\0003\000.\0005\000.\0002\000.\0005\000\040\000r\000e\000g\000i\000s\000t\000e\000r\000e\000d\000\137\000c\000o\000m\000p\000o\000n\000e\000n\000t\000\137\000c\000o\000u\000n\000t}{subsection.3.5.2}% 40
\BOOKMARK [3][-]{subsubsection.3.5.2.6}{\376\377\0003\000.\0005\000.\0002\000.\0006\000\040\000r\000e\000g\000i\000s\000t\000e\000r\000e\000d\000\137\000e\000n\000t\000i\000t\000i\000e\000s\000\137\000c\000o\000u\000n\000t}{subsection.3.5.2}% 41
\BOOKMARK [3][-]{subsubsection.3.5.2.7}{\376\377\0003\000.\0005\000.\0002\000.\0007\000\040\000s\000i\000g\000n\000a\000t\000u\000r\000e\000s}{subsection.3.5.2}% 42
\BOOKMARK [3][-]{subsubsection.3.5.2.8}{\376\377\0003\000.\0005\000.\0002\000.\0008\000\040\000s\000y\000s\000t\000e\000m\000\137\000c\000o\000u\000n\000t}{subsection.3.5.2}% 43
\BOOKMARK [3][-]{subsubsection.3.5.2.9}{\376\377\0003\000.\0005\000.\0002\000.\0009\000\040\000s\000y\000s\000t\000e\000m\000s}{subsection.3.5.2}% 44
\BOOKMARK [1][-]{section.3.6}{\376\377\0003\000.\0006\000\040\000e\000n\000t\000i\000t\000y\000\137\000m\000e\000t\000a\000\137\000t\000\040\000S\000t\000r\000u\000c\000t\000\040\000R\000e\000f\000e\000r\000e\000n\000c\000e}{chapter.3}% 45
\BOOKMARK [2][-]{subsection.3.6.1}{\376\377\0003\000.\0006\000.\0001\000\040\000D\000e\000t\000a\000i\000l\000e\000d\000\040\000D\000e\000s\000c\000r\000i\000p\000t\000i\000o\000n}{section.3.6}% 46
\BOOKMARK [2][-]{subsection.3.6.2}{\376\377\0003\000.\0006\000.\0002\000\040\000M\000e\000m\000b\000e\000r\000\040\000D\000a\000t\000a\000\040\000D\000o\000c\000u\000m\000e\000n\000t\000a\000t\000i\000o\000n}{section.3.6}% 47
\BOOKMARK [3][-]{subsubsection.3.6.2.1}{\376\377\0003\000.\0006\000.\0002\000.\0001\000\040\000i\000n\000\137\000u\000s\000e}{subsection.3.6.2}% 48
\BOOKMARK [1][-]{section.3.7}{\376\377\0003\000.\0007\000\040\000n\000e\000t\000\137\000s\000o\000c\000k\000e\000t\000\137\000t\000\040\000S\000t\000r\000u\000c\000t\000\040\000R\000e\000f\000e\000r\000e\000n\000c\000e}{chapter.3}% 49
\BOOKMARK [2][-]{subsection.3.7.1}{\376\377\0003\000.\0007\000.\0001\000\040\000D\000e\000t\000a\000i\000l\000e\000d\000\040\000D\000e\000s\000c\000r\000i\000p\000t\000i\000o\000n}{section.3.7}% 50
\BOOKMARK [2][-]{subsection.3.7.2}{\376\377\0003\000.\0007\000.\0002\000\040\000M\000e\000m\000b\000e\000r\000\040\000D\000a\000t\000a\000\040\000D\000o\000c\000u\000m\000e\000n\000t\000a\000t\000i\000o\000n}{section.3.7}% 51
\BOOKMARK [3][-]{subsubsection.3.7.2.1}{\376\377\0003\000.\0007\000.\0002\000.\0001\000\040\000a\000d\000d\000r}{subsection.3.7.2}% 52
\BOOKMARK [3][-]{subsubsection.3.7.2.2}{\376\377\0003\000.\0007\000.\0002\000.\0002\000\040\000f\000d}{subsection.3.7.2}% 53
\BOOKMARK [3][-]{subsubsection.3.7.2.3}{\376\377\0003\000.\0007\000.\0002\000.\0003\000\040\000t\000y\000p\000e}{subsection.3.7.2}% 54
\BOOKMARK [1][-]{section.3.8}{\376\377\0003\000.\0008\000\040\000n\000e\000t\000w\000o\000r\000k\000\137\000a\000r\000c\000h\000i\000t\000e\000c\000t\000u\000r\000e\000\137\000c\000o\000n\000f\000i\000g\000\137\000t\000\040\000S\000t\000r\000u\000c\000t\000\040\000R\000e\000f\000e\000r\000e\000n\000c\000e}{chapter.3}% 55
\BOOKMARK [2][-]{subsection.3.8.1}{\376\377\0003\000.\0008\000.\0001\000\040\000D\000e\000t\000a\000i\000l\000e\000d\000\040\000D\000e\000s\000c\000r\000i\000p\000t\000i\000o\000n}{section.3.8}% 56
\BOOKMARK [2][-]{subsection.3.8.2}{\376\377\0003\000.\0008\000.\0002\000\040\000M\000e\000m\000b\000e\000r\000\040\000D\000a\000t\000a\000\040\000D\000o\000c\000u\000m\000e\000n\000t\000a\000t\000i\000o\000n}{section.3.8}% 57
\BOOKMARK [3][-]{subsubsection.3.8.2.1}{\376\377\0003\000.\0008\000.\0002\000.\0001\000\040\000e\000c\000s\000\137\000s\000y\000n\000c\000\137\000h\000z}{subsection.3.8.2}% 58
\BOOKMARK [3][-]{subsubsection.3.8.2.2}{\376\377\0003\000.\0008\000.\0002\000.\0002\000\040\000i\000p\000\137\000a\000d\000d\000r\000e\000s\000s}{subsection.3.8.2}% 59
\BOOKMARK [3][-]{subsubsection.3.8.2.3}{\376\377\0003\000.\0008\000.\0002\000.\0003\000\040\000i\000s\000\137\000s\000e\000r\000v\000e\000r}{subsection.3.8.2}% 60
\BOOKMARK [3][-]{subsubsection.3.8.2.4}{\376\377\0003\000.\0008\000.\0002\000.\0004\000\040\000p\000o\000r\000t}{subsection.3.8.2}% 61
\BOOKMARK [3][-]{subsubsection.3.8.2.5}{\376\377\0003\000.\0008\000.\0002\000.\0005\000\040\000t\000c\000p\000\137\000p\000o\000r\000t}{subsection.3.8.2}% 62
\BOOKMARK [3][-]{subsubsection.3.8.2.6}{\376\377\0003\000.\0008\000.\0002\000.\0006\000\040\000t\000y\000p\000e}{subsection.3.8.2}% 63
\BOOKMARK [3][-]{subsubsection.3.8.2.7}{\376\377\0003\000.\0008\000.\0002\000.\0007\000\040\000u\000d\000p\000\137\000p\000o\000r\000t}{subsection.3.8.2}% 64
\BOOKMARK [3][-]{subsubsection.3.8.2.8}{\376\377\0003\000.\0008\000.\0002\000.\0008\000\040\000u\000s\000e\000r\000\137\000d\000a\000t\000a}{subsection.3.8.2}% 65
\BOOKMARK [1][-]{section.3.9}{\376\377\0003\000.\0009\000\040\000n\000e\000t\000w\000o\000r\000k\000\137\000a\000r\000c\000h\000i\000t\000e\000c\000t\000u\000r\000e\000\137\000t\000\040\000S\000t\000r\000u\000c\000t\000\040\000R\000e\000f\000e\000r\000e\000n\000c\000e}{chapter.3}% 66
\BOOKMARK [2][-]{subsection.3.9.1}{\376\377\0003\000.\0009\000.\0001\000\040\000D\000e\000t\000a\000i\000l\000e\000d\000\040\000D\000e\000s\000c\000r\000i\000p\000t\000i\000o\000n}{section.3.9}% 67
\BOOKMARK [1][-]{section.3.10}{\376\377\0003\000.\0001\0000\000\040\000n\000e\000t\000w\000o\000r\000k\000\137\000c\000s\000\137\000t\000\040\000S\000t\000r\000u\000c\000t\000\040\000R\000e\000f\000e\000r\000e\000n\000c\000e}{chapter.3}% 68
\BOOKMARK [2][-]{subsection.3.10.1}{\376\377\0003\000.\0001\0000\000.\0001\000\040\000D\000e\000t\000a\000i\000l\000e\000d\000\040\000D\000e\000s\000c\000r\000i\000p\000t\000i\000o\000n}{section.3.10}% 69
\BOOKMARK [2][-]{subsection.3.10.2}{\376\377\0003\000.\0001\0000\000.\0002\000\040\000M\000e\000m\000b\000e\000r\000\040\000D\000a\000t\000a\000\040\000D\000o\000c\000u\000m\000e\000n\000t\000a\000t\000i\000o\000n}{section.3.10}% 70
\BOOKMARK [3][-]{subsubsection.3.10.2.1}{\376\377\0003\000.\0001\0000\000.\0002\000.\0001\000\040\000c\000o\000n\000f\000i\000g}{subsection.3.10.2}% 71
\BOOKMARK [3][-]{subsubsection.3.10.2.2}{\376\377\0003\000.\0001\0000\000.\0002\000.\0002\000\040\000c\000o\000n\000n\000e\000c\000t\000i\000o\000n\000\137\000m\000a\000n\000a\000g\000e\000r}{subsection.3.10.2}% 72
\BOOKMARK [3][-]{subsubsection.3.10.2.3}{\376\377\0003\000.\0001\0000\000.\0002\000.\0003\000\040\000e\000c\000s}{subsection.3.10.2}% 73
\BOOKMARK [3][-]{subsubsection.3.10.2.4}{\376\377\0003\000.\0001\0000\000.\0002\000.\0004\000\040\000n\000e\000t\000w\000o\000r\000k\000\137\000m\000a\000p}{subsection.3.10.2}% 74
\BOOKMARK [3][-]{subsubsection.3.10.2.5}{\376\377\0003\000.\0001\0000\000.\0002\000.\0005\000\040\000n\000e\000x\000t\000\137\000n\000e\000t\000w\000o\000r\000k\000\137\000i\000d}{subsection.3.10.2}% 75
\BOOKMARK [3][-]{subsubsection.3.10.2.6}{\376\377\0003\000.\0001\0000\000.\0002\000.\0006\000\040\000p\000e\000n\000d\000i\000n\000g\000\137\000d\000e\000s\000t\000r\000o\000y\000\137\000i\000d\000s}{subsection.3.10.2}% 76
\BOOKMARK [3][-]{subsubsection.3.10.2.7}{\376\377\0003\000.\0001\0000\000.\0002\000.\0007\000\040\000p\000r\000o\000t\000o\000c\000o\000l\000\137\000h\000a\000n\000d\000l\000e\000r}{subsection.3.10.2}% 77
\BOOKMARK [3][-]{subsubsection.3.10.2.8}{\376\377\0003\000.\0001\0000\000.\0002\000.\0008\000\040\000s\000y\000n\000c\000\137\000a\000c\000c}{subsection.3.10.2}% 78
\BOOKMARK [1][-]{section.3.11}{\376\377\0003\000.\0001\0001\000\040\000n\000e\000t\000w\000o\000r\000k\000\137\000i\000d\000\137\000p\000a\000i\000r\000\137\000t\000\040\000S\000t\000r\000u\000c\000t\000\040\000R\000e\000f\000e\000r\000e\000n\000c\000e}{chapter.3}% 79
\BOOKMARK [2][-]{subsection.3.11.1}{\376\377\0003\000.\0001\0001\000.\0001\000\040\000D\000e\000t\000a\000i\000l\000e\000d\000\040\000D\000e\000s\000c\000r\000i\000p\000t\000i\000o\000n}{section.3.11}% 80
\BOOKMARK [1][-]{section.3.12}{\376\377\0003\000.\0001\0002\000\040\000n\000e\000t\000w\000o\000r\000k\000\137\000m\000a\000p\000\137\000t\000\040\000S\000t\000r\000u\000c\000t\000\040\000R\000e\000f\000e\000r\000e\000n\000c\000e}{chapter.3}% 81
\BOOKMARK [2][-]{subsection.3.12.1}{\376\377\0003\000.\0001\0002\000.\0001\000\040\000D\000e\000t\000a\000i\000l\000e\000d\000\040\000D\000e\000s\000c\000r\000i\000p\000t\000i\000o\000n}{section.3.12}% 82
\BOOKMARK [1][-]{section.3.13}{\376\377\0003\000.\0001\0003\000\040\000n\000e\000t\000w\000o\000r\000k\000\137\000p\000a\000c\000k\000e\000t\000\137\000t\000\040\000S\000t\000r\000u\000c\000t\000\040\000R\000e\000f\000e\000r\000e\000n\000c\000e}{chapter.3}% 83
\BOOKMARK [2][-]{subsection.3.13.1}{\376\377\0003\000.\0001\0003\000.\0001\000\040\000D\000e\000t\000a\000i\000l\000e\000d\000\040\000D\000e\000s\000c\000r\000i\000p\000t\000i\000o\000n}{section.3.13}% 84
\BOOKMARK [2][-]{subsection.3.13.2}{\376\377\0003\000.\0001\0003\000.\0002\000\040\000M\000e\000m\000b\000e\000r\000\040\000D\000a\000t\000a\000\040\000D\000o\000c\000u\000m\000e\000n\000t\000a\000t\000i\000o\000n}{section.3.13}% 85
\BOOKMARK [3][-]{subsubsection.3.13.2.1}{\376\377\0003\000.\0001\0003\000.\0002\000.\0001\000\040\000d\000a\000t\000a}{subsection.3.13.2}% 86
\BOOKMARK [3][-]{subsubsection.3.13.2.2}{\376\377\0003\000.\0001\0003\000.\0002\000.\0002\000\040\000h\000e\000a\000d\000e\000r}{subsection.3.13.2}% 87
\BOOKMARK [1][-]{section.3.14}{\376\377\0003\000.\0001\0004\000\040\000n\000e\000t\000w\000o\000r\000k\000e\000d\000\137\000e\000n\000t\000i\000t\000y\000\137\000t\000\040\000S\000t\000r\000u\000c\000t\000\040\000R\000e\000f\000e\000r\000e\000n\000c\000e}{chapter.3}% 88
\BOOKMARK [2][-]{subsection.3.14.1}{\376\377\0003\000.\0001\0004\000.\0001\000\040\000D\000e\000t\000a\000i\000l\000e\000d\000\040\000D\000e\000s\000c\000r\000i\000p\000t\000i\000o\000n}{section.3.14}% 89
\BOOKMARK [1][-]{section.3.15}{\376\377\0003\000.\0001\0005\000\040\000p\000a\000c\000k\000e\000t\000\137\000h\000e\000a\000d\000e\000r\000\137\000t\000\040\000S\000t\000r\000u\000c\000t\000\040\000R\000e\000f\000e\000r\000e\000n\000c\000e}{chapter.3}% 90
\BOOKMARK [2][-]{subsection.3.15.1}{\376\377\0003\000.\0001\0005\000.\0001\000\040\000D\000e\000t\000a\000i\000l\000e\000d\000\040\000D\000e\000s\000c\000r\000i\000p\000t\000i\000o\000n}{section.3.15}% 91
\BOOKMARK [2][-]{subsection.3.15.2}{\376\377\0003\000.\0001\0005\000.\0002\000\040\000M\000e\000m\000b\000e\000r\000\040\000D\000a\000t\000a\000\040\000D\000o\000c\000u\000m\000e\000n\000t\000a\000t\000i\000o\000n}{section.3.15}% 92
\BOOKMARK [3][-]{subsubsection.3.15.2.1}{\376\377\0003\000.\0001\0005\000.\0002\000.\0001\000\040\000s\000i\000z\000e}{subsection.3.15.2}% 93
\BOOKMARK [3][-]{subsubsection.3.15.2.2}{\376\377\0003\000.\0001\0005\000.\0002\000.\0002\000\040\000t\000y\000p\000e}{subsection.3.15.2}% 94
\BOOKMARK [1][-]{section.3.16}{\376\377\0003\000.\0001\0006\000\040\000p\000e\000e\000r\000\137\000t\000\040\000S\000t\000r\000u\000c\000t\000\040\000R\000e\000f\000e\000r\000e\000n\000c\000e}{chapter.3}% 95
\BOOKMARK [2][-]{subsection.3.16.1}{\376\377\0003\000.\0001\0006\000.\0001\000\040\000D\000e\000t\000a\000i\000l\000e\000d\000\040\000D\000e\000s\000c\000r\000i\000p\000t\000i\000o\000n}{section.3.16}% 96
\BOOKMARK [2][-]{subsection.3.16.2}{\376\377\0003\000.\0001\0006\000.\0002\000\040\000M\000e\000m\000b\000e\000r\000\040\000D\000a\000t\000a\000\040\000D\000o\000c\000u\000m\000e\000n\000t\000a\000t\000i\000o\000n}{section.3.16}% 97
\BOOKMARK [3][-]{subsubsection.3.16.2.1}{\376\377\0003\000.\0001\0006\000.\0002\000.\0001\000\040\000a\000d\000d\000r\000\137\000t\000c\000p}{subsection.3.16.2}% 98
\BOOKMARK [3][-]{subsubsection.3.16.2.2}{\376\377\0003\000.\0001\0006\000.\0002\000.\0002\000\040\000a\000d\000d\000r\000\137\000u\000d\000p}{subsection.3.16.2}% 99
\BOOKMARK [3][-]{subsubsection.3.16.2.3}{\376\377\0003\000.\0001\0006\000.\0002\000.\0003\000\040\000i\000d}{subsection.3.16.2}% 100
\BOOKMARK [3][-]{subsubsection.3.16.2.4}{\376\377\0003\000.\0001\0006\000.\0002\000.\0004\000\040\000i\000n\000t\000e\000r\000e\000s\000t\000\137\000m\000a\000s\000k}{subsection.3.16.2}% 101
\BOOKMARK [3][-]{subsubsection.3.16.2.5}{\376\377\0003\000.\0001\0006\000.\0002\000.\0005\000\040\000i\000s\000\137\000c\000o\000n\000n\000e\000c\000t\000e\000d}{subsection.3.16.2}% 102
\BOOKMARK [3][-]{subsubsection.3.16.2.6}{\376\377\0003\000.\0001\0006\000.\0002\000.\0006\000\040\000n\000e\000t\000\137\000s\000o\000c\000k\000e\000t\000s}{subsection.3.16.2}% 103
\BOOKMARK [3][-]{subsubsection.3.16.2.7}{\376\377\0003\000.\0001\0006\000.\0002\000.\0007\000\040\000u\000d\000p\000\137\000r\000e\000a\000d\000y}{subsection.3.16.2}% 104
\BOOKMARK [1][-]{section.3.17}{\376\377\0003\000.\0001\0007\000\040\000p\000o\000s\000i\000t\000i\000o\000n\000\137\000t\000\040\000S\000t\000r\000u\000c\000t\000\040\000R\000e\000f\000e\000r\000e\000n\000c\000e}{chapter.3}% 105
\BOOKMARK [2][-]{subsection.3.17.1}{\376\377\0003\000.\0001\0007\000.\0001\000\040\000D\000e\000t\000a\000i\000l\000e\000d\000\040\000D\000e\000s\000c\000r\000i\000p\000t\000i\000o\000n}{section.3.17}% 106
\BOOKMARK [2][-]{subsection.3.17.2}{\376\377\0003\000.\0001\0007\000.\0002\000\040\000M\000e\000m\000b\000e\000r\000\040\000D\000a\000t\000a\000\040\000D\000o\000c\000u\000m\000e\000n\000t\000a\000t\000i\000o\000n}{section.3.17}% 107
\BOOKMARK [3][-]{subsubsection.3.17.2.1}{\376\377\0003\000.\0001\0007\000.\0002\000.\0001\000\040\000x}{subsection.3.17.2}% 108
\BOOKMARK [3][-]{subsubsection.3.17.2.2}{\376\377\0003\000.\0001\0007\000.\0002\000.\0002\000\040\000y}{subsection.3.17.2}% 109
\BOOKMARK [1][-]{section.3.18}{\376\377\0003\000.\0001\0008\000\040\000p\000r\000o\000t\000o\000c\000o\000l\000\137\000h\000a\000n\000d\000l\000e\000r\000\137\000t\000\040\000S\000t\000r\000u\000c\000t\000\040\000R\000e\000f\000e\000r\000e\000n\000c\000e}{chapter.3}% 110
\BOOKMARK [2][-]{subsection.3.18.1}{\376\377\0003\000.\0001\0008\000.\0001\000\040\000D\000e\000t\000a\000i\000l\000e\000d\000\040\000D\000e\000s\000c\000r\000i\000p\000t\000i\000o\000n}{section.3.18}% 111
\BOOKMARK [2][-]{subsection.3.18.2}{\376\377\0003\000.\0001\0008\000.\0002\000\040\000M\000e\000m\000b\000e\000r\000\040\000D\000a\000t\000a\000\040\000D\000o\000c\000u\000m\000e\000n\000t\000a\000t\000i\000o\000n}{section.3.18}% 112
\BOOKMARK [3][-]{subsubsection.3.18.2.1}{\376\377\0003\000.\0001\0008\000.\0002\000.\0001\000\040\000i\000n\000\137\000p\000a\000c\000k\000e\000t}{subsection.3.18.2}% 113
\BOOKMARK [3][-]{subsubsection.3.18.2.2}{\376\377\0003\000.\0001\0008\000.\0002\000.\0002\000\040\000o\000u\000t\000\137\000p\000a\000c\000k\000e\000t}{subsection.3.18.2}% 114
\BOOKMARK [1][-]{section.3.19}{\376\377\0003\000.\0001\0009\000\040\000r\000o\000t\000a\000t\000i\000o\000n\000\137\000t\000\040\000S\000t\000r\000u\000c\000t\000\040\000R\000e\000f\000e\000r\000e\000n\000c\000e}{chapter.3}% 115
\BOOKMARK [2][-]{subsection.3.19.1}{\376\377\0003\000.\0001\0009\000.\0001\000\040\000D\000e\000t\000a\000i\000l\000e\000d\000\040\000D\000e\000s\000c\000r\000i\000p\000t\000i\000o\000n}{section.3.19}% 116
\BOOKMARK [2][-]{subsection.3.19.2}{\376\377\0003\000.\0001\0009\000.\0002\000\040\000M\000e\000m\000b\000e\000r\000\040\000D\000a\000t\000a\000\040\000D\000o\000c\000u\000m\000e\000n\000t\000a\000t\000i\000o\000n}{section.3.19}% 117
\BOOKMARK [3][-]{subsubsection.3.19.2.1}{\376\377\0003\000.\0001\0009\000.\0002\000.\0001\000\040\000w}{subsection.3.19.2}% 118
\BOOKMARK [3][-]{subsubsection.3.19.2.2}{\376\377\0003\000.\0001\0009\000.\0002\000.\0002\000\040\000x}{subsection.3.19.2}% 119
\BOOKMARK [3][-]{subsubsection.3.19.2.3}{\376\377\0003\000.\0001\0009\000.\0002\000.\0003\000\040\000y}{subsection.3.19.2}% 120
\BOOKMARK [3][-]{subsubsection.3.19.2.4}{\376\377\0003\000.\0001\0009\000.\0002\000.\0004\000\040\000z}{subsection.3.19.2}% 121
\BOOKMARK [1][-]{section.3.20}{\376\377\0003\000.\0002\0000\000\040\000t\000r\000a\000n\000s\000f\000o\000r\000m\000\137\000t\000\040\000S\000t\000r\000u\000c\000t\000\040\000R\000e\000f\000e\000r\000e\000n\000c\000e}{chapter.3}% 122
\BOOKMARK [2][-]{subsection.3.20.1}{\376\377\0003\000.\0002\0000\000.\0001\000\040\000D\000e\000t\000a\000i\000l\000e\000d\000\040\000D\000e\000s\000c\000r\000i\000p\000t\000i\000o\000n}{section.3.20}% 123
\BOOKMARK [2][-]{subsection.3.20.2}{\376\377\0003\000.\0002\0000\000.\0002\000\040\000M\000e\000m\000b\000e\000r\000\040\000D\000a\000t\000a\000\040\000D\000o\000c\000u\000m\000e\000n\000t\000a\000t\000i\000o\000n}{section.3.20}% 124
\BOOKMARK [3][-]{subsubsection.3.20.2.1}{\376\377\0003\000.\0002\0000\000.\0002\000.\0001\000\040\000p\000o\000s\000i\000t\000i\000o\000n}{subsection.3.20.2}% 125
\BOOKMARK [3][-]{subsubsection.3.20.2.2}{\376\377\0003\000.\0002\0000\000.\0002\000.\0002\000\040\000r\000o\000t\000a\000t\000i\000o\000n}{subsection.3.20.2}% 126
\BOOKMARK [1][-]{section.3.21}{\376\377\0003\000.\0002\0001\000\040\000v\000e\000l\000o\000c\000i\000t\000y\000\137\000t\000\040\000S\000t\000r\000u\000c\000t\000\040\000R\000e\000f\000e\000r\000e\000n\000c\000e}{chapter.3}% 127
\BOOKMARK [2][-]{subsection.3.21.1}{\376\377\0003\000.\0002\0001\000.\0001\000\040\000D\000e\000t\000a\000i\000l\000e\000d\000\040\000D\000e\000s\000c\000r\000i\000p\000t\000i\000o\000n}{section.3.21}% 128
\BOOKMARK [2][-]{subsection.3.21.2}{\376\377\0003\000.\0002\0001\000.\0002\000\040\000M\000e\000m\000b\000e\000r\000\040\000D\000a\000t\000a\000\040\000D\000o\000c\000u\000m\000e\000n\000t\000a\000t\000i\000o\000n}{section.3.21}% 129
\BOOKMARK [3][-]{subsubsection.3.21.2.1}{\376\377\0003\000.\0002\0001\000.\0002\000.\0001\000\040\000x}{subsection.3.21.2}% 130
\BOOKMARK [3][-]{subsubsection.3.21.2.2}{\376\377\0003\000.\0002\0001\000.\0002\000.\0002\000\040\000y}{subsection.3.21.2}% 131
\BOOKMARK [0][-]{chapter.4}{\376\377\0004\000\040\000F\000i\000l\000e\000\040\000D\000o\000c\000u\000m\000e\000n\000t\000a\000t\000i\000o\000n}{}% 132
\BOOKMARK [1][-]{section.4.1}{\376\377\0004\000.\0001\000\040\000c\000o\000n\000f\000i\000g\000.\000h}{chapter.4}% 133
\BOOKMARK [1][-]{section.4.2}{\376\377\0004\000.\0002\000\040\000c\000o\000n\000n\000e\000c\000t\000i\000o\000n\000\137\000m\000a\000n\000a\000g\000e\000r\000.\000h}{chapter.4}% 134
\BOOKMARK [1][-]{section.4.3}{\376\377\0004\000.\0003\000\040\000e\000c\000s\000.\000h}{chapter.4}% 135
\BOOKMARK [1][-]{section.4.4}{\376\377\0004\000.\0004\000\040\000e\000c\000s\000\137\000b\000u\000i\000l\000t\000i\000n\000.\000h}{chapter.4}% 136
\BOOKMARK [1][-]{section.4.5}{\376\377\0004\000.\0005\000\040\000e\000c\000s\000\137\000i\000n\000t\000e\000r\000n\000a\000l\000.\000h}{chapter.4}% 137
\BOOKMARK [1][-]{section.4.6}{\376\377\0004\000.\0006\000\040\000e\000c\000s\000\137\000t\000y\000p\000e\000s\000.\000h}{chapter.4}% 138
\BOOKMARK [1][-]{section.4.7}{\376\377\0004\000.\0007\000\040\000e\000c\000s\000n\000e\000t\000.\000h}{chapter.4}% 139
\BOOKMARK [1][-]{section.4.8}{\376\377\0004\000.\0008\000\040\000n\000e\000t\000\137\000s\000o\000c\000k\000e\000t\000.\000h}{chapter.4}% 140
\BOOKMARK [1][-]{section.4.9}{\376\377\0004\000.\0009\000\040\000n\000e\000t\000w\000o\000r\000k\000\137\000a\000r\000c\000h\000i\000t\000e\000c\000t\000u\000r\000e\000.\000h}{chapter.4}% 141
\BOOKMARK [1][-]{section.4.10}{\376\377\0004\000.\0001\0000\000\040\000n\000e\000t\000w\000o\000r\000k\000\137\000c\000s\000.\000h}{chapter.4}% 142
\BOOKMARK [1][-]{section.4.11}{\376\377\0004\000.\0001\0001\000\040\000n\000e\000t\000w\000o\000r\000k\000\137\000m\000a\000p\000.\000h}{chapter.4}% 143
\BOOKMARK [1][-]{section.4.12}{\376\377\0004\000.\0001\0002\000\040\000i\000n\000c\000l\000u\000d\000e\000/\000n\000e\000t\000w\000o\000r\000k\000e\000d\000\137\000e\000n\000t\000i\000t\000y\000.\000h\000\040\000F\000i\000l\000e\000\040\000R\000e\000f\000e\000r\000e\000n\000c\000e}{chapter.4}% 144
\BOOKMARK [1][-]{section.4.13}{\376\377\0004\000.\0001\0003\000\040\000n\000e\000t\000w\000o\000r\000k\000e\000d\000\137\000e\000n\000t\000i\000t\000y\000.\000h}{chapter.4}% 145
\BOOKMARK [1][-]{section.4.14}{\376\377\0004\000.\0001\0004\000\040\000p\000r\000o\000t\000o\000c\000o\000l\000\137\000h\000a\000n\000d\000l\000e\000r\000.\000h}{chapter.4}% 146
