c:\users\mesom\documents\github\cecsnet\sfml_ecsnet_pong\cmake-build-debug\mylib_build\debug\ecsnet.pdb
c:\users\mesom\documents\github\cecsnet\sfml_ecsnet_pong\cmake-build-debug\mylib_build\ecsnet.dir\debug\protocol_handler.obj
c:\users\mesom\documents\github\cecsnet\sfml_ecsnet_pong\cmake-build-debug\mylib_build\ecsnet.dir\debug\network_cs.obj
c:\users\mesom\documents\github\cecsnet\sfml_ecsnet_pong\cmake-build-debug\mylib_build\ecsnet.dir\debug\network_architecture.obj
c:\users\mesom\documents\github\cecsnet\sfml_ecsnet_pong\cmake-build-debug\mylib_build\ecsnet.dir\debug\net_socket.obj
c:\users\mesom\documents\github\cecsnet\sfml_ecsnet_pong\cmake-build-debug\mylib_build\ecsnet.dir\debug\ecs_builtin.obj
c:\users\mesom\documents\github\cecsnet\sfml_ecsnet_pong\cmake-build-debug\mylib_build\ecsnet.dir\debug\ecs.obj
c:\users\mesom\documents\github\cecsnet\sfml_ecsnet_pong\cmake-build-debug\mylib_build\ecsnet.dir\debug\connection_manager.obj
c:\users\mesom\documents\github\cecsnet\sfml_ecsnet_pong\cmake-build-debug\mylib_build\cmakefiles\generate.stamp
c:\users\mesom\documents\github\cecsnet\sfml_ecsnet_pong\cmake-build-debug\mylib_build\debug\ecsnet.lib
c:\users\mesom\documents\github\cecsnet\sfml_ecsnet_raindrops\cmake-build-debug\mylib_build\ecsnet.dir\debug\connection_manager.obj
c:\users\mesom\documents\github\cecsnet\sfml_ecsnet_raindrops\cmake-build-debug\mylib_build\ecsnet.dir\debug\ecs.obj
c:\users\mesom\documents\github\cecsnet\sfml_ecsnet_raindrops\cmake-build-debug\mylib_build\ecsnet.dir\debug\ecs_builtin.obj
c:\users\mesom\documents\github\cecsnet\sfml_ecsnet_raindrops\cmake-build-debug\mylib_build\ecsnet.dir\debug\network_architecture.obj
c:\users\mesom\documents\github\cecsnet\sfml_ecsnet_raindrops\cmake-build-debug\mylib_build\ecsnet.dir\debug\network_cs.obj
c:\users\mesom\documents\github\cecsnet\sfml_ecsnet_raindrops\cmake-build-debug\mylib_build\ecsnet.dir\debug\net_socket.obj
c:\users\mesom\documents\github\cecsnet\sfml_ecsnet_raindrops\cmake-build-debug\mylib_build\ecsnet.dir\debug\protocol_handler.obj
c:\users\mesom\documents\github\cecsnet\sfml_ecsnet_raindrops\cmake-build-debug\mylib_build\debug\ecsnet.pdb
c:\users\mesom\documents\github\cecsnet\sfml_ecsnet_raindrops\cmake-build-debug\mylib_build\debug\ecsnet.lib
c:\users\mesom\documents\github\cecsnet\sfml_ecsnet_raindrops\cmake-build-debug\mylib_build\ecsnet.dir\debug\ecsnet.tlog\cl.command.1.tlog
c:\users\mesom\documents\github\cecsnet\sfml_ecsnet_raindrops\cmake-build-debug\mylib_build\ecsnet.dir\debug\ecsnet.tlog\cl.items.tlog
c:\users\mesom\documents\github\cecsnet\sfml_ecsnet_raindrops\cmake-build-debug\mylib_build\ecsnet.dir\debug\ecsnet.tlog\cl.read.1.tlog
c:\users\mesom\documents\github\cecsnet\sfml_ecsnet_raindrops\cmake-build-debug\mylib_build\ecsnet.dir\debug\ecsnet.tlog\cl.write.1.tlog
c:\users\mesom\documents\github\cecsnet\sfml_ecsnet_raindrops\cmake-build-debug\mylib_build\ecsnet.dir\debug\ecsnet.tlog\custombuild.command.1.tlog
c:\users\mesom\documents\github\cecsnet\sfml_ecsnet_raindrops\cmake-build-debug\mylib_build\ecsnet.dir\debug\ecsnet.tlog\custombuild.read.1.tlog
c:\users\mesom\documents\github\cecsnet\sfml_ecsnet_raindrops\cmake-build-debug\mylib_build\ecsnet.dir\debug\ecsnet.tlog\custombuild.write.1.tlog
c:\users\mesom\documents\github\cecsnet\sfml_ecsnet_raindrops\cmake-build-debug\mylib_build\ecsnet.dir\debug\ecsnet.tlog\lib-link.read.1.tlog
c:\users\mesom\documents\github\cecsnet\sfml_ecsnet_raindrops\cmake-build-debug\mylib_build\ecsnet.dir\debug\ecsnet.tlog\lib-link.write.1.tlog
c:\users\mesom\documents\github\cecsnet\sfml_ecsnet_raindrops\cmake-build-debug\mylib_build\ecsnet.dir\debug\ecsnet.tlog\lib.command.1.tlog
